let _ = raise(ReactDOM.Impossible_in_ssr("Webapi.Dom.getElementById"));
[@warning "-27"]
let loadInitialText = () =>
  raise(ReactDOM.Impossible_in_ssr("fun () -> setHtmlFetchState Loading"));
[@warning "-27"]
let loadInitialText = argument1 =>
  raise(
    ReactDOM.Impossible_in_ssr("fun argument1 -> setHtmlFetchState Loading"),
  );
[@warning "-27"]
let loadInitialText = (argument1, argument2) =>
  raise(
    ReactDOM.Impossible_in_ssr(
      "fun argument1 -> fun argument2 -> setHtmlFetchState Loading",
    ),
  );
let make = () => {
  let _ = raise(ReactDOM.Impossible_in_ssr("Webapi.Dom.getElementById"));
  [@warning "-27"]
  let loadInitialText = () =>
    raise(ReactDOM.Impossible_in_ssr("fun () -> setHtmlFetchState Loading"));
  [@warning "-27"]
  let loadInitialText = argument1 =>
    raise(
      ReactDOM.Impossible_in_ssr(
        "fun argument1 -> setHtmlFetchState Loading",
      ),
    );
  [@warning "-27"]
  let loadInitialText = (argument1, argument2) =>
    raise(
      ReactDOM.Impossible_in_ssr(
        "fun argument1 -> fun argument2 -> setHtmlFetchState Loading",
      ),
    );
  React.createElement("div");
};
